This is XeTeX, Version 3.141592653-2.6-0.999993 (TeX Live 2022/dev/Debian) (preloaded format=xelatex 2025.12.10)  17 DEC 2025 04:03
entering extended mode
 \write18 enabled.
 file:line:error style messages enabled.
 %&-line parsing enabled.
**visualization-analysis.tex
(./visualization-analysis.tex
LaTeX2e <2021-11-15> patch level 1
L3 programming layer <2022-01-21> (/usr/share/texlive/texmf-dist/tex/latex/base
/article.cls
Document Class: article 2021/10/04 v1.4n Standard LaTeX document class
(/usr/share/texlive/texmf-dist/tex/latex/base/size10.clo
File: size10.clo 2021/10/04 v1.4n Standard LaTeX file (size option)
)
\c@part=\count181
\c@section=\count182
\c@subsection=\count183
\c@subsubsection=\count184
\c@paragraph=\count185
\c@subparagraph=\count186
\c@figure=\count187
\c@table=\count188
\abovecaptionskip=\skip47
\belowcaptionskip=\skip48
\bibindent=\dimen138
) (/usr/share/texlive/texmf-dist/tex/latex/hyperref/hyperref.sty
Package: hyperref 2021-06-07 v7.00m Hypertext links for LaTeX
(/usr/share/texlive/texmf-dist/tex/generic/ltxcmds/ltxcmds.sty
Package: ltxcmds 2020-05-10 v1.25 LaTeX kernel commands for general use (HO)
) (/usr/share/texlive/texmf-dist/tex/generic/iftex/iftex.sty
Package: iftex 2020/03/06 v1.0d TeX engine tests
) (/usr/share/texlive/texmf-dist/tex/generic/pdftexcmds/pdftexcmds.sty
Package: pdftexcmds 2020-06-27 v0.33 Utility functions of pdfTeX for LuaTeX (HO
)
(/usr/share/texlive/texmf-dist/tex/generic/infwarerr/infwarerr.sty
Package: infwarerr 2019/12/03 v1.5 Providing info/warning/error messages (HO)
)
Package pdftexcmds Info: \pdf@primitive is available.
Package pdftexcmds Info: \pdf@ifprimitive is available.
Package pdftexcmds Info: \pdfdraftmode not found.
) (/usr/share/texlive/texmf-dist/tex/latex/graphics/keyval.sty
Package: keyval 2014/10/28 v1.15 key=value parser (DPC)
\KV@toks@=\toks16
) (/usr/share/texlive/texmf-dist/tex/generic/kvsetkeys/kvsetkeys.sty
Package: kvsetkeys 2019/12/15 v1.18 Key value parser (HO)
) (/usr/share/texlive/texmf-dist/tex/generic/kvdefinekeys/kvdefinekeys.sty
Package: kvdefinekeys 2019-12-19 v1.6 Define keys (HO)
) (/usr/share/texlive/texmf-dist/tex/generic/pdfescape/pdfescape.sty
Package: pdfescape 2019/12/09 v1.15 Implements pdfTeX's escape features (HO)
) (/usr/share/texlive/texmf-dist/tex/latex/hycolor/hycolor.sty
Package: hycolor 2020-01-27 v1.10 Color options for hyperref/bookmark (HO)
) (/usr/share/texlive/texmf-dist/tex/latex/letltxmacro/letltxmacro.sty
Package: letltxmacro 2019/12/03 v1.6 Let assignment for LaTeX macros (HO)
) (/usr/share/texlive/texmf-dist/tex/latex/auxhook/auxhook.sty
Package: auxhook 2019-12-17 v1.6 Hooks for auxiliary files (HO)
) (/usr/share/texlive/texmf-dist/tex/latex/kvoptions/kvoptions.sty
Package: kvoptions 2020-10-07 v3.14 Key value format for package options (HO)
)
\@linkdim=\dimen139
\Hy@linkcounter=\count189
\Hy@pagecounter=\count190
(/usr/share/texlive/texmf-dist/tex/latex/hyperref/pd1enc.def
File: pd1enc.def 2021-06-07 v7.00m Hyperref: PDFDocEncoding definition (HO)
) (/usr/share/texlive/texmf-dist/tex/latex/hyperref/hyperref-langpatches.def
File: hyperref-langpatches.def 2021-06-07 v7.00m Hyperref: patches for babel la
nguages
) (/usr/share/texlive/texmf-dist/tex/generic/intcalc/intcalc.sty
Package: intcalc 2019/12/15 v1.3 Expandable calculations with integers (HO)
) (/usr/share/texlive/texmf-dist/tex/generic/etexcmds/etexcmds.sty
Package: etexcmds 2019/12/15 v1.7 Avoid name clashes with e-TeX commands (HO)
)
\Hy@SavedSpaceFactor=\count191
(/usr/share/texlive/texmf-dist/tex/latex/hyperref/puenc.def
File: puenc.def 2021-06-07 v7.00m Hyperref: PDF Unicode definition (HO)
)
Package hyperref Info: Hyper figures OFF on input line 4192.
Package hyperref Info: Link nesting OFF on input line 4197.
Package hyperref Info: Hyper index ON on input line 4200.
Package hyperref Info: Plain pages OFF on input line 4207.
Package hyperref Info: Backreferencing OFF on input line 4212.
Package hyperref Info: Implicit mode ON; LaTeX internals redefined.
Package hyperref Info: Bookmarks ON on input line 4445.
\c@Hy@tempcnt=\count192
(/usr/share/texlive/texmf-dist/tex/latex/url/url.sty
\Urlmuskip=\muskip16
Package: url 2013/09/16  ver 3.4  Verb mode for urls, etc.
)
LaTeX Info: Redefining \url on input line 4804.
\XeTeXLinkMargin=\dimen140
(/usr/share/texlive/texmf-dist/tex/generic/bitset/bitset.sty
Package: bitset 2019/12/09 v1.3 Handle bit-vector datatype (HO)
(/usr/share/texlive/texmf-dist/tex/generic/bigintcalc/bigintcalc.sty
Package: bigintcalc 2019/12/15 v1.5 Expandable calculations on big integers (HO
)
))
\Fld@menulength=\count193
\Field@Width=\dimen141
\Fld@charsize=\dimen142
Package hyperref Info: Hyper figures OFF on input line 6076.
Package hyperref Info: Link nesting OFF on input line 6081.
Package hyperref Info: Hyper index ON on input line 6084.
Package hyperref Info: backreferencing OFF on input line 6091.
Package hyperref Info: Link coloring OFF on input line 6096.
Package hyperref Info: Link coloring with OCG OFF on input line 6101.
Package hyperref Info: PDF/A mode OFF on input line 6106.
LaTeX Info: Redefining \ref on input line 6146.
LaTeX Info: Redefining \pageref on input line 6150.
(/usr/share/texlive/texmf-dist/tex/latex/base/atbegshi-ltx.sty
Package: atbegshi-ltx 2021/01/10 v1.0c Emulation of the original atbegshi
package with kernel methods
)
\Hy@abspage=\count194
\c@Item=\count195
\c@Hfootnote=\count196
)
Package hyperref Info: Driver (autodetected): hxetex.
(/usr/share/texlive/texmf-dist/tex/latex/hyperref/hxetex.def
File: hxetex.def 2021-06-07 v7.00m Hyperref driver for XeTeX
(/usr/share/texlive/texmf-dist/tex/generic/stringenc/stringenc.sty
Package: stringenc 2019/11/29 v1.12 Convert strings between diff. encodings (HO
)
)
\pdfm@box=\box50
\c@Hy@AnnotLevel=\count197
\HyField@AnnotCount=\count198
\Fld@listcount=\count199
\c@bookmark@seq@number=\count266
(/usr/share/texlive/texmf-dist/tex/latex/rerunfilecheck/rerunfilecheck.sty
Package: rerunfilecheck 2019/12/05 v1.9 Rerun checks for auxiliary files (HO)
(/usr/share/texlive/texmf-dist/tex/latex/base/atveryend-ltx.sty
Package: atveryend-ltx 2020/08/19 v1.0a Emulation of the original atveryend pac
kage
with kernel methods
) (/usr/share/texlive/texmf-dist/tex/generic/uniquecounter/uniquecounter.sty
Package: uniquecounter 2019/12/15 v1.4 Provide unlimited unique counter (HO)
)
Package uniquecounter Info: New unique counter `rerunfilecheck' on input line 2
86.
)
\Hy@SectionHShift=\skip49
) (/usr/share/texlive/texmf-dist/tex/latex/datetime/datetime.sty
Package: datetime 2015/03/20 v2.60 Date Time Package
(/usr/share/texlive/texmf-dist/tex/latex/etoolbox/etoolbox.sty
Package: etoolbox 2020/10/05 v2.5k e-TeX tools for LaTeX (JAW)
\etb@tempcnta=\count267
) (/usr/share/texlive/texmf-dist/tex/latex/fmtcount/fmtcount.sty
Invalid UTF-8 byte or sequence at line 10 replaced by U+FFFD.
Invalid UTF-8 byte or sequence at line 22 replaced by U+FFFD.
Package: fmtcount 2020/01/30 v3.07
(/usr/share/texlive/texmf-dist/tex/latex/base/ifthen.sty
Package: ifthen 2020/11/24 v1.1c Standard LaTeX ifthen package (DPC)
) (/usr/share/texlive/texmf-dist/tex/latex/xkeyval/xkeyval.sty
Package: xkeyval 2020/11/20 v2.8 package option processing (HA)
(/usr/share/texlive/texmf-dist/tex/generic/xkeyval/xkeyval.tex (/usr/share/texl
ive/texmf-dist/tex/generic/xkeyval/xkvutils.tex
\XKV@toks=\toks17
\XKV@tempa@toks=\toks18
)
\XKV@depth=\count268
File: xkeyval.tex 2014/12/03 v2.7a key=value parser (HA)
)) (/usr/share/texlive/texmf-dist/tex/latex/fmtcount/fcprefix.sty
Invalid UTF-8 byte or sequence at line 10 replaced by U+FFFD.
Invalid UTF-8 byte or sequence at line 22 replaced by U+FFFD.
Package: fcprefix 2012/09/28
(/usr/share/texlive/texmf-dist/tex/latex/fmtcount/fcnumparser.sty
Invalid UTF-8 byte or sequence at line 10 replaced by U+FFFD.
Invalid UTF-8 byte or sequence at line 22 replaced by U+FFFD.
Package: fcnumparser 2017/06/15
\fc@digit@counter=\count269
)) (/usr/share/texlive/texmf-dist/tex/latex/amsmath/amsgen.sty
File: amsgen.sty 1999/11/30 v2.0 generic functions
\@emptytoks=\toks19
\ex@=\dimen143
)
\c@padzeroesN=\count270
\fc@tmpcatcode=\count271
\@DT@modctr=\count272
\@ordinalctr=\count273
\@orgargctr=\count274
\@strctr=\count275
\@tmpstrctr=\count276
\@DT@loopN=\count277
\@DT@X=\count278
) (/usr/share/texlive/texmf-dist/tex/latex/datetime/datetime-defaults.sty
Package: datetime-defaults 2013/09/10
)
\@day=\count279
\@month=\count280
\@year=\count281
\c@HOUR=\count282
\c@HOURXII=\count283
\c@MINUTE=\count284
\c@TOHOUR=\count285
\c@TOMINUTE=\count286
\c@SECOND=\count287
\currenthour=\count288
\currentminute=\count289
\currentsecond=\count290
Package datetime Info: No datetime.cfg file found, using default settings on in
put line 308.
\@dtctr=\count291
\dayofyear=\count292
\dayofweek=\count293
LaTeX Info: Redefining \today on input line 736.
\dt@a=\toks20
\dt@b=\toks21
) (/usr/share/texlive/texmf-dist/tex/latex/graphics/graphicx.sty
Package: graphicx 2021/09/16 v1.2d Enhanced LaTeX Graphics (DPC,SPQR)
(/usr/share/texlive/texmf-dist/tex/latex/graphics/graphics.sty
Package: graphics 2021/03/04 v1.4d Standard LaTeX Graphics (DPC,SPQR)
(/usr/share/texlive/texmf-dist/tex/latex/graphics/trig.sty
Package: trig 2021/08/11 v1.11 sin cos tan (DPC)
) (/usr/share/texlive/texmf-dist/tex/latex/graphics-cfg/graphics.cfg
File: graphics.cfg 2016/06/04 v1.11 sample graphics configuration
)
Package graphics Info: Driver file: xetex.def on input line 107.
(/usr/share/texlive/texmf-dist/tex/latex/graphics-def/xetex.def
File: xetex.def 2021/03/18 v5.0k Graphics/color driver for xetex
))
\Gin@req@height=\dimen144
\Gin@req@width=\dimen145
) (/usr/share/texlive/texmf-dist/tex/latex/natbib/natbib.sty
Package: natbib 2010/09/13 8.31b (PWD, AO)
\bibhang=\skip50
\bibsep=\skip51
LaTeX Info: Redefining \cite on input line 694.
\c@NAT@ctr=\count294
)
Package hyperref Info: Option `colorlinks' set `true' on input line 12.
(/usr/share/texlive/texmf-dist/tex/latex/l3backend/l3backend-xetex.def
File: l3backend-xetex.def 2022-01-12 L3 backend support: XeTeX
(|extractbb --version)
\c__kernel_sys_dvipdfmx_version_int=\count295
\l__color_backend_stack_int=\count296
\g__color_backend_stack_int=\count297
\g__graphics_track_int=\count298
\l__pdf_internal_box=\box51
\g__pdf_backend_object_int=\count299
\g__pdf_backend_annotation_int=\count300
\g__pdf_backend_link_int=\count301
) (./visualization-analysis.aux)
\openout1 = `visualization-analysis.aux'.

LaTeX Font Info:    Checking defaults for OML/cmm/m/it on input line 25.
LaTeX Font Info:    ... okay on input line 25.
LaTeX Font Info:    Checking defaults for OMS/cmsy/m/n on input line 25.
LaTeX Font Info:    ... okay on input line 25.
LaTeX Font Info:    Checking defaults for OT1/cmr/m/n on input line 25.
LaTeX Font Info:    ... okay on input line 25.
LaTeX Font Info:    Checking defaults for T1/cmr/m/n on input line 25.
LaTeX Font Info:    ... okay on input line 25.
LaTeX Font Info:    Checking defaults for TS1/cmr/m/n on input line 25.
LaTeX Font Info:    Trying to load font information for TS1+cmr on input line 2
5.
(/usr/share/texlive/texmf-dist/tex/latex/base/ts1cmr.fd
File: ts1cmr.fd 2019/12/16 v2.5j Standard LaTeX font definitions
)
LaTeX Font Info:    ... okay on input line 25.
LaTeX Font Info:    Checking defaults for TU/lmr/m/n on input line 25.
LaTeX Font Info:    ... okay on input line 25.
LaTeX Font Info:    Checking defaults for OMX/cmex/m/n on input line 25.
LaTeX Font Info:    ... okay on input line 25.
LaTeX Font Info:    Checking defaults for U/cmr/m/n on input line 25.
LaTeX Font Info:    ... okay on input line 25.
LaTeX Font Info:    Checking defaults for PD1/pdf/m/n on input line 25.
LaTeX Font Info:    ... okay on input line 25.
LaTeX Font Info:    Checking defaults for PU/pdf/m/n on input line 25.
LaTeX Font Info:    ... okay on input line 25.
(/usr/share/texlive/texmf-dist/tex/latex/graphics/color.sty
Package: color 2021/12/07 v1.3c Standard LaTeX Color (DPC)
(/usr/share/texlive/texmf-dist/tex/latex/graphics-cfg/color.cfg
File: color.cfg 2016/01/02 v1.6 sample color configuration
)
Package color Info: Driver file: xetex.def on input line 149.
)
Package hyperref Info: Link coloring ON on input line 25.
(/usr/share/texlive/texmf-dist/tex/latex/hyperref/nameref.sty
Package: nameref 2021-04-02 v2.47 Cross-referencing by name of section
(/usr/share/texlive/texmf-dist/tex/latex/refcount/refcount.sty
Package: refcount 2019/12/15 v3.6 Data extraction from label references (HO)
) (/usr/share/texlive/texmf-dist/tex/generic/gettitlestring/gettitlestring.sty
Package: gettitlestring 2019/12/15 v1.6 Cleanup title references (HO)
)
\c@section@level=\count302
)
LaTeX Info: Redefining \ref on input line 25.
LaTeX Info: Redefining \pageref on input line 25.
LaTeX Info: Redefining \nameref on input line 25.
(./visualization-analysis.out) (./visualization-analysis.out)
\@outlinefile=\write3
\openout3 = `visualization-analysis.out'.

(/usr/share/texlive/texmf-dist/tex/latex/fmtcount/fc-english.def
Invalid UTF-8 byte or sequence at line 10 replaced by U+FFFD.
Invalid UTF-8 byte or sequence at line 22 replaced by U+FFFD.
File: fc-english.def 2016/01/12
)
LaTeX Font Info:    External font `cmex10' loaded for size
(Font)              <12> on input line 27.
LaTeX Font Info:    External font `cmex10' loaded for size
(Font)              <8> on input line 27.
LaTeX Font Info:    External font `cmex10' loaded for size
(Font)              <6> on input line 27.
File: curvenote.png Graphic file (type bmp)
<curvenote.png>

Overfull \hbox (43.5pt too wide) in paragraph at lines 78--78
[]\TU/lmtt/m/n/10 weather_station = weather_station[["DATE", "PRCP", "TMAX", "T
MIN"]].copy()[] 
 []


Overfull \hbox (69.75pt too wide) in paragraph at lines 78--78
[]    \TU/lmtt/m/n/10 weather_station[col] = pd.to_numeric(weather_station[col]
, errors="coerce")[] 
 []


Overfull \hbox (80.25pt too wide) in paragraph at lines 78--78
[]\TU/lmtt/m/n/10 weather_station["TAVG"] = (weather_station["TMAX"] + weather_
station["TMIN"]) / 2[] 
 []

[1

]
Overfull \hbox (1.5pt too wide) in paragraph at lines 78--78
[]\TU/lmtt/m/n/10 weather["DATE"] = pd.to_datetime(weather["DATE"], errors="coe
rce")[] 
 []


Overfull \hbox (710.25pt too wide) in paragraph at lines 83--83
[]\TU/lmtt/m/n/10 /home/jovyan/final -group15/src/data_utils.py:21: DtypeWarnin
g: Columns (17,19,21,23,25,27,29,31,33,35,37,39,41,43,45,47,49,51) have mixed t
ypes. Specify dtype option on import or set low_memory=False.[] 
 []


Overfull \hbox (17.25pt too wide) in paragraph at lines 139--139
[]        \TU/lmtt/m/n/10 date  avg_duration_sec  pct_bike_share_yes  pct_subsc
riber  \[] 
 []


Overfull \hbox (12.0pt too wide) in paragraph at lines 139--139
[]\TU/lmtt/m/n/10 0 2018 -01 -01       1870.569455            9.818182       57
.818182[] 
 []


Overfull \hbox (12.0pt too wide) in paragraph at lines 139--139
[]\TU/lmtt/m/n/10 1 2018 -01 -02        979.447417            5.965560       88
.407134[] 
 []


Overfull \hbox (12.0pt too wide) in paragraph at lines 139--139
[]\TU/lmtt/m/n/10 2 2018 -01 -03        739.360168            4.865243       91
.774589[] 
 []


Overfull \hbox (12.0pt too wide) in paragraph at lines 139--139
[]\TU/lmtt/m/n/10 3 2018 -01 -04        730.779091            5.000000       91
.606061[] 
 []


Overfull \hbox (12.0pt too wide) in paragraph at lines 139--139
[]\TU/lmtt/m/n/10 4 2018 -01 -05        756.418605            5.953488       88
.930233[] 
 []


Overfull \hbox (69.75pt too wide) in paragraph at lines 139--139
[]                            \TU/lmtt/m/n/10 NAME  PRCP PRCP_ATTRIBUTES  SNOW 
SNOW_ATTRIBUTES  \[] 
 []

[2]
Overfull \hbox (54.0pt too wide) in paragraph at lines 139--139
[]\TU/lmtt/m/n/10 0  SAN FRANCISCO DOWNTOWN, CA US   0.0        ,,W,2400   NaN 
            NaN[] 
 []


Overfull \hbox (54.0pt too wide) in paragraph at lines 139--139
[]\TU/lmtt/m/n/10 1  SAN FRANCISCO DOWNTOWN, CA US   0.0        ,,W,2400   NaN 
            NaN[] 
 []


Overfull \hbox (54.0pt too wide) in paragraph at lines 139--139
[]\TU/lmtt/m/n/10 2  SAN FRANCISCO DOWNTOWN, CA US  23.0        ,,W,2400   NaN 
            NaN[] 
 []


Overfull \hbox (54.0pt too wide) in paragraph at lines 139--139
[]\TU/lmtt/m/n/10 3  SAN FRANCISCO DOWNTOWN, CA US  15.0        ,,W,2400   NaN 
            NaN[] 
 []


Overfull \hbox (54.0pt too wide) in paragraph at lines 139--139
[]\TU/lmtt/m/n/10 4  SAN FRANCISCO DOWNTOWN, CA US  66.0        ,,W,2400   NaN 
            NaN[] 
 []


Overfull \hbox (48.75pt too wide) in paragraph at lines 139--139
[]   \TU/lmtt/m/n/10 ...  WT05 WT05_ATTRIBUTES  WT08 WT08_ATTRIBUTES  WT11 WT11
_ATTRIBUTES  \[] 
 []


Overfull \hbox (33.0pt too wide) in paragraph at lines 139--139
[]\TU/lmtt/m/n/10 0  ...   NaN             NaN   NaN             NaN   NaN     
        NaN[] 
 []


Overfull \hbox (33.0pt too wide) in paragraph at lines 139--139
[]\TU/lmtt/m/n/10 1  ...   NaN             NaN   NaN             NaN   NaN     
        NaN[] 
 []


Overfull \hbox (33.0pt too wide) in paragraph at lines 139--139
[]\TU/lmtt/m/n/10 2  ...   NaN             NaN   NaN             NaN   NaN     
        NaN[] 
 []


Overfull \hbox (33.0pt too wide) in paragraph at lines 139--139
[]\TU/lmtt/m/n/10 3  ...   NaN             NaN   NaN             NaN   NaN     
        NaN[] 
 []


Overfull \hbox (33.0pt too wide) in paragraph at lines 139--139
[]\TU/lmtt/m/n/10 4  ...   NaN             NaN   NaN             NaN   NaN     
        NaN[] 
 []


Overfull \hbox (1.5pt too wide) in paragraph at lines 216--216
[]\TU/lmtt/m/n/10 sns.scatterplot(data=merged, x="TAVG", y="total_trips", alpha
=0.6)[] 
 []

[3]
Overfull \hbox (27.75pt too wide) in paragraph at lines 216--216
[]\TU/lmtt/m/n/10 sns.lineplot(data=merged, x="month", y="total_trips", estimat
or="mean")[] 
 []


Overfull \hbox (143.25pt too wide) in paragraph at lines 216--216
[]\TU/lmtt/m/n/10 merged["prcp_bucket"] = pd.cut(merged["PRCP"], bins=bins, lab
els=labels, include_lowest=True)[] 
 []


Overfull \hbox (54.0pt too wide) in paragraph at lines 216--216
[]\TU/lmtt/m/n/10 sns.barplot(data=merged, x="prcp_bucket", y="total_trips", es
timator="mean")[] 
 []


Overfull \hbox (1.5pt too wide) in paragraph at lines 216--216
[]\TU/lmtt/m/n/10 # Visualization Rentals by Year and Precipitation Level 2018 
-2024[] 
 []

[4]
Overfull \hbox (17.25pt too wide) in paragraph at lines 243--243
[]        \TU/lmtt/m/n/10 date  avg_duration_sec  pct_bike_share_yes  pct_subsc
riber  \[] 
 []


Overfull \hbox (12.0pt too wide) in paragraph at lines 243--243
[]\TU/lmtt/m/n/10 0 2018 -01 -01       1870.569455            9.818182       57
.818182[] 
 []


Overfull \hbox (12.0pt too wide) in paragraph at lines 243--243
[]\TU/lmtt/m/n/10 1 2018 -01 -02        979.447417            5.965560       88
.407134[] 
 []


Overfull \hbox (12.0pt too wide) in paragraph at lines 243--243
[]\TU/lmtt/m/n/10 2 2018 -01 -03        739.360168            4.865243       91
.774589[] 
 []


Overfull \hbox (12.0pt too wide) in paragraph at lines 243--243
[]\TU/lmtt/m/n/10 3 2018 -01 -04        730.779091            5.000000       91
.606061[] 
 []


Overfull \hbox (12.0pt too wide) in paragraph at lines 243--243
[]\TU/lmtt/m/n/10 4 2018 -01 -05        756.418605            5.953488       88
.930233[] 
 []

File: files/06b501a60568bf8866da2b048ea7f919.png Graphic file (type bmp)
<files/06b501a60568bf8866da2b048ea7f919.png>
[5]
File: files/35dc3a87584055c00e459e23b596eff2.png Graphic file (type bmp)
<files/35dc3a87584055c00e459e23b596eff2.png>
File: files/5541f034046f736aa738e48312f7f59c.png Graphic file (type bmp)
<files/5541f034046f736aa738e48312f7f59c.png>
[6]
File: files/055a9082b1eca5b8aff4d12da0042882.png Graphic file (type bmp)
<files/055a9082b1eca5b8aff4d12da0042882.png>
File: files/ccc916abb7c3e3f2bd38111431bcc88f.png Graphic file (type bmp)
<files/ccc916abb7c3e3f2bd38111431bcc88f.png>
LaTeX Font Info:    External font `cmex10' loaded for size
(Font)              <7> on input line 259.
LaTeX Font Info:    External font `cmex10' loaded for size
(Font)              <5> on input line 259.
[7] [8]
Overfull \hbox (132.75pt too wide) in paragraph at lines 316--316
[]\TU/lmtt/m/n/10 reg = reg.replace([np.inf, -np.inf], np.nan).dropna(subset=["
total_trips", "TAVG", "PRCP"])[] 
 []


Overfull \hbox (17.25pt too wide) in paragraph at lines 316--316
[]\TU/lmtt/m/n/10 reg["dow"]  = reg["date"].dt.dayofweek              # 0=Mon .
.. 6=Sun[] 
 []


Overfull \hbox (111.75pt too wide) in paragraph at lines 316--316
[]\TU/lmtt/m/n/10 model_dow = smf.ols("total_trips ~ TAVG + PRCP + C(dow)", dat
a=reg).fit(cov_type="HC1")[] 
 []


Overfull \hbox (117.0pt too wide) in paragraph at lines 316--316
[]\TU/lmtt/m/n/10 model_rain = smf.ols("total_trips ~ TAVG + rain + C(dow)", da
ta=reg).fit(cov_type="HC1")[] 
 []


Overfull \hbox (1.5pt too wide) in paragraph at lines 316--316
[]\TU/lmtt/m/n/10 print("\n=== Using rainy -day indicator instead of PRCP (mm) 
===")[] 
 []


Overfull \hbox (64.5pt too wide) in paragraph at lines 375--375
[]\TU/lmtt/m/n/10 =============================================================
=================[] 
 []


Overfull \hbox (69.75pt too wide) in paragraph at lines 375--375
[]\TU/lmtt/m/n/10 Dep. Variable:            total_trips   R -squared:          
             0.173[] 
 []


Overfull \hbox (69.75pt too wide) in paragraph at lines 375--375
[]\TU/lmtt/m/n/10 Model:                            OLS   Adj. R -squared:     
             0.172[] 
 []


Overfull \hbox (69.75pt too wide) in paragraph at lines 375--375
[]\TU/lmtt/m/n/10 Method:                 Least Squares   F -statistic:        
             203.6[] 
 []


Overfull \hbox (75.0pt too wide) in paragraph at lines 375--375
[]\TU/lmtt/m/n/10 Date:                Tue, 16 Dec 2025   Prob (F -statistic): 
          1.21e -82[] 
 []


Overfull \hbox (69.75pt too wide) in paragraph at lines 375--375
[]\TU/lmtt/m/n/10 Time:                        07:54:27   Log -Likelihood:     
           -23024.[] 
 []


Overfull \hbox (64.5pt too wide) in paragraph at lines 375--375
[]\TU/lmtt/m/n/10 No. Observations:                2507   AIC:                 
        4.605e+04[] 
 []


Overfull \hbox (64.5pt too wide) in paragraph at lines 375--375
[]\TU/lmtt/m/n/10 Df Residuals:                    2504   BIC:                 
        4.607e+04[] 
 []


Overfull \hbox (64.5pt too wide) in paragraph at lines 375--375
[]\TU/lmtt/m/n/10 =============================================================
=================[] 
 []


Overfull \hbox (64.5pt too wide) in paragraph at lines 375--375
[]                 \TU/lmtt/m/n/10 coef    std err          z      P>|z|      [
0.025      0.975][] 
 []


Overfull \hbox (474.0pt too wide) in paragraph at lines 375--375
[] \TU/lmtt/m/n/10 - - - - - - - - - - - - - - - - - - - - - - - - - - - - - - 
- - - - - - - - - - - - - - - - - - - - - - - - - - - - - - - - - - - - - - - -
 - - - - - - - -[] 
 []


Overfull \hbox (64.5pt too wide) in paragraph at lines 375--375
[]\TU/lmtt/m/n/10 const       2831.2290    255.464     11.083      0.000    233
0.529    3331.929[] 
 []

[9]
Overfull \hbox (64.5pt too wide) in paragraph at lines 375--375
[]\TU/lmtt/m/n/10 TAVG         274.0104     17.311     15.829      0.000     24
0.081     307.940[] 
 []


Overfull \hbox (64.5pt too wide) in paragraph at lines 375--375
[]\TU/lmtt/m/n/10 PRCP         -89.9538     11.702     -7.687      0.000    -11
2.889     -67.019[] 
 []


Overfull \hbox (64.5pt too wide) in paragraph at lines 375--375
[]\TU/lmtt/m/n/10 =============================================================
=================[] 
 []


Overfull \hbox (69.75pt too wide) in paragraph at lines 375--375
[]\TU/lmtt/m/n/10 Omnibus:                       99.330   Durbin -Watson:      
             0.359[] 
 []


Overfull \hbox (69.75pt too wide) in paragraph at lines 375--375
[]\TU/lmtt/m/n/10 Prob(Omnibus):                  0.000   Jarque -Bera (JB):   
           115.369[] 
 []


Overfull \hbox (69.75pt too wide) in paragraph at lines 375--375
[]\TU/lmtt/m/n/10 Skew:                           0.462   Prob(JB):            
         8.87e -26[] 
 []


Overfull \hbox (64.5pt too wide) in paragraph at lines 375--375
[]\TU/lmtt/m/n/10 Kurtosis:                       3.502   Cond. No.            
             74.3[] 
 []


Overfull \hbox (64.5pt too wide) in paragraph at lines 375--375
[]\TU/lmtt/m/n/10 =============================================================
=================[] 
 []


Overfull \hbox (69.75pt too wide) in paragraph at lines 375--375
[]\TU/lmtt/m/n/10 =============================================================
==================[] 
 []


Overfull \hbox (69.75pt too wide) in paragraph at lines 375--375
[]                  \TU/lmtt/m/n/10 coef    std err          z      P>|z|      
[0.025      0.975][] 
 []


Overfull \hbox (484.5pt too wide) in paragraph at lines 375--375
[] \TU/lmtt/m/n/10 - - - - - - - - - - - - - - - - - - - - - - - - - - - - - - 
- - - - - - - - - - - - - - - - - - - - - - - - - - - - - - - - - - - - - - - -
 - - - - - - - - -[] 
 []


Overfull \hbox (69.75pt too wide) in paragraph at lines 375--375
[]\TU/lmtt/m/n/10 Intercept    2602.9735    269.361      9.664      0.000    20
75.035    3130.912[] 
 []


Overfull \hbox (69.75pt too wide) in paragraph at lines 375--375
[]\TU/lmtt/m/n/10 C(dow)[T.1]   717.3817    167.520      4.282      0.000     3
89.049    1045.714[] 
 []


Overfull \hbox (69.75pt too wide) in paragraph at lines 375--375
[]\TU/lmtt/m/n/10 C(dow)[T.2]   817.1166    169.062      4.833      0.000     4
85.762    1148.471[] 
 []


Overfull \hbox (69.75pt too wide) in paragraph at lines 375--375
[]\TU/lmtt/m/n/10 C(dow)[T.3]   887.8696    172.277      5.154      0.000     5
50.213    1225.526[] 
 []


Overfull \hbox (69.75pt too wide) in paragraph at lines 375--375
[]\TU/lmtt/m/n/10 C(dow)[T.4]   698.9592    160.574      4.353      0.000     3
84.240    1013.679[] 
 []


Overfull \hbox (69.75pt too wide) in paragraph at lines 375--375
[]\TU/lmtt/m/n/10 C(dow)[T.5]  -202.9581    162.266     -1.251      0.211    -5
20.994     115.078[] 
 []


Overfull \hbox (69.75pt too wide) in paragraph at lines 375--375
[]\TU/lmtt/m/n/10 C(dow)[T.6]  -929.0850    154.271     -6.022      0.000   -12
31.450    -626.720[] 
 []


Overfull \hbox (69.75pt too wide) in paragraph at lines 375--375
[]\TU/lmtt/m/n/10 TAVG          270.2116     16.886     16.002      0.000     2
37.116     303.308[] 
 []


Overfull \hbox (69.75pt too wide) in paragraph at lines 375--375
[]\TU/lmtt/m/n/10 PRCP          -90.2503     12.637     -7.142      0.000    -1
15.019     -65.481[] 
 []


Overfull \hbox (69.75pt too wide) in paragraph at lines 375--375
[]\TU/lmtt/m/n/10 =============================================================
==================[] 
 []


Overfull \hbox (69.75pt too wide) in paragraph at lines 375--375
[]\TU/lmtt/m/n/10 =============================================================
==================[] 
 []


Overfull \hbox (69.75pt too wide) in paragraph at lines 375--375
[]                  \TU/lmtt/m/n/10 coef    std err          z      P>|z|      
[0.025      0.975][] 
 []


Overfull \hbox (484.5pt too wide) in paragraph at lines 375--375
[] \TU/lmtt/m/n/10 - - - - - - - - - - - - - - - - - - - - - - - - - - - - - - 
- - - - - - - - - - - - - - - - - - - - - - - - - - - - - - - - - - - - - - - -
 - - - - - - - - -[] 
 []


Overfull \hbox (69.75pt too wide) in paragraph at lines 375--375
[]\TU/lmtt/m/n/10 Intercept    3144.4503    277.368     11.337      0.000    26
00.819    3688.081[] 
 []


Overfull \hbox (69.75pt too wide) in paragraph at lines 375--375
[]\TU/lmtt/m/n/10 C(dow)[T.1]   708.1928    170.070      4.164      0.000     3
74.862    1041.524[] 
 []


Overfull \hbox (69.75pt too wide) in paragraph at lines 375--375
[]\TU/lmtt/m/n/10 C(dow)[T.2]   809.5919    169.815      4.767      0.000     4
76.760    1142.423[] 
 []


Overfull \hbox (69.75pt too wide) in paragraph at lines 375--375
[]\TU/lmtt/m/n/10 C(dow)[T.3]   870.3451    173.107      5.028      0.000     5
31.061    1209.629[] 
 []


Overfull \hbox (69.75pt too wide) in paragraph at lines 375--375
[]\TU/lmtt/m/n/10 C(dow)[T.4]   692.7806    161.741      4.283      0.000     3
75.774    1009.787[] 
 []


Overfull \hbox (69.75pt too wide) in paragraph at lines 375--375
[]\TU/lmtt/m/n/10 C(dow)[T.5]  -202.8711    162.751     -1.247      0.213    -5
21.857     116.115[] 
 []


Overfull \hbox (69.75pt too wide) in paragraph at lines 375--375
[]\TU/lmtt/m/n/10 C(dow)[T.6]  -962.0571    154.666     -6.220      0.000   -12
65.197    -658.917[] 
 []


Overfull \hbox (69.75pt too wide) in paragraph at lines 375--375
[]\TU/lmtt/m/n/10 TAVG          242.2694     17.152     14.124      0.000     2
08.651     275.888[] 
 []


Overfull \hbox (69.75pt too wide) in paragraph at lines 375--375
[]\TU/lmtt/m/n/10 rain        -1480.8468    122.382    -12.100      0.000   -17
20.711   -1240.982[] 
 []


Overfull \hbox (69.75pt too wide) in paragraph at lines 375--375
[]\TU/lmtt/m/n/10 =============================================================
==================[] 
 []


Overfull \hbox (1.5pt too wide) in paragraph at lines 395--395
[]\TU/lmtt/m/n/10 # Predictions using the rainy -day model on the same cleaned 
frame[] 
 []

[10]
Overfull \hbox (12.0pt too wide) in paragraph at lines 395--395
[]\TU/lmtt/m/n/10 sns.scatterplot(data=reg, x="predicted", y="total_trips", alp
ha=0.5)[] 
 []

File: files/bf2a70023f8e68f07c378014d5a3cf8d.png Graphic file (type bmp)
<files/bf2a70023f8e68f07c378014d5a3cf8d.png>
[11] [12] (./visualization-analysis.aux)
Package rerunfilecheck Info: File `visualization-analysis.out' has not changed.

(rerunfilecheck)             Checksum: D2F34C4A432397C77D66C95B874606AE;2839.
 ) 
Here is how much of TeX's memory you used:
 9750 strings out of 478151
 156430 string characters out of 5852999
 484066 words of memory out of 5000000
 30228 multiletter control sequences out of 15000+600000
 472427 words of font info for 47 fonts, out of 8000000 for 9000
 14 hyphenation exceptions out of 8191
 70i,6n,76p,1025b,464s stack positions out of 5000i,500n,10000p,200000b,80000s

Output written on visualization-analysis.xdv (12 pages, 153572 bytes).
